Mon 13 Jul 2026 11:51:48 INFO  ['main.py', 'babyLFM5k', '2', '--clean', '--model', 'BPR', '--choice-model', 'consume_all', '--config', 'recbole_config_default.yaml']
Mon 13 Jul 2026 11:51:48 INFO  
General Hyper Parameters:
gpu_id = 0
use_gpu = True
seed = 2020
state = INFO
reproducibility = True
data_path = recbole_tmp/dataset
checkpoint_dir = saved
show_progress = True
save_dataset = False
dataset_save_path = None
save_dataloaders = False
dataloaders_save_path = None
log_wandb = False

Training Hyper Parameters:
epochs = 15
train_batch_size = 2048
learner = adam
learning_rate = 0.001
train_neg_sample_args = {'distribution': 'uniform', 'sample_num': 1, 'alpha': 1.0, 'dynamic': False, 'candidate_num': 0}
eval_step = 21
stopping_step = 500
clip_grad_norm = None
weight_decay = 0.0
loss_decimal_place = 4

Evaluation Hyper Parameters:
eval_args = {'split': {'RS': [0.75, 0.2, 0.05]}, 'order': 'RO', 'group_by': 'user', 'mode': {'valid': 'full', 'test': 'full'}}
repeatable = False
metrics = ['NDCG']
topk = [10]
valid_metric = NDCG@10
valid_metric_bigger = True
eval_batch_size = 2048
metric_decimal_place = 3

Dataset Hyper Parameters:
field_separator = 	
seq_separator =  
USER_ID_FIELD = user_id
ITEM_ID_FIELD = item_id
RATING_FIELD = rating
TIME_FIELD = timestamp
seq_len = None
LABEL_FIELD = label
threshold = None
NEG_PREFIX = neg_
load_col = {'inter': ['user_id', 'item_id']}
unload_col = None
unused_col = None
additional_feat_suffix = None
rm_dup_inter = None
val_interval = None
filter_inter_by_user_or_item = True
user_inter_num_interval = [0,inf)
item_inter_num_interval = [0,inf)
alias_of_user_id = None
alias_of_item_id = None
alias_of_entity_id = None
alias_of_relation_id = None
preload_weight = None
normalize_field = None
normalize_all = None
ITEM_LIST_LENGTH_FIELD = item_length
LIST_SUFFIX = _list
MAX_ITEM_LIST_LENGTH = 500
POSITION_FIELD = position_id
HEAD_ENTITY_ID_FIELD = head_id
TAIL_ENTITY_ID_FIELD = tail_id
RELATION_ID_FIELD = relation_id
ENTITY_ID_FIELD = entity_id
benchmark_filename = None

Other Hyper Parameters: 
worker = 0
wandb_project = recbole
shuffle = True
require_pow = False
enable_amp = False
enable_scaler = False
transform = None
embedding_size = 256
numerical_features = []
discretization = None
kg_reverse_r = False
entity_kg_num_interval = [0,inf)
relation_kg_num_interval = [0,inf)
MODEL_TYPE = ModelType.GENERAL
MODEL_INPUT_TYPE = InputType.PAIRWISE
eval_type = EvaluatorType.RANKING
single_spec = True
local_rank = 0
device = cuda
valid_neg_sample_args = {'distribution': 'uniform', 'sample_num': 'none'}
test_neg_sample_args = {'distribution': 'uniform', 'sample_num': 'none'}


Mon 13 Jul 2026 11:51:49 INFO  dataset
The number of users: 883
Average actions of users: 87.97392290249434
The number of items: 4997
Average actions of items: 15.531024819855885
The number of inters: 77593
The sparsity of the dataset: 98.24145903170441%
Remain Fields: ['user_id', 'item_id']
Mon 13 Jul 2026 11:51:49 INFO  Preparing dataset
Mon 13 Jul 2026 11:51:49 INFO  [Training]: train_batch_size = [2048] train_neg_sample_args: [{'distribution': 'uniform', 'sample_num': 1, 'alpha': 1.0, 'dynamic': False, 'candidate_num': 0}]
Mon 13 Jul 2026 11:51:49 INFO  [Evaluation]: eval_batch_size = [2048] eval_args: [{'split': {'RS': [0.75, 0.2, 0.05]}, 'order': 'RO', 'group_by': 'user', 'mode': {'valid': 'full', 'test': 'full'}}]
Mon 13 Jul 2026 11:51:49 INFO  Done!
Mon 13 Jul 2026 11:51:49 INFO  BPR(
  (user_embedding): Embedding(883, 256)
  (item_embedding): Embedding(4997, 256)
  (loss): BPRLoss()
)
Trainable parameters: 1505280
Mon 13 Jul 2026 11:51:49 INFO  FLOPs: 512.0
Mon 13 Jul 2026 11:51:50 INFO  epoch 0 training [time: 0.17s, train loss: 19.7767]
Mon 13 Jul 2026 11:51:50 INFO  epoch 1 training [time: 0.11s, train loss: 18.6855]
Mon 13 Jul 2026 11:51:50 INFO  epoch 2 training [time: 0.11s, train loss: 16.9242]
Mon 13 Jul 2026 11:51:51 INFO  epoch 3 training [time: 0.11s, train loss: 14.5874]
Mon 13 Jul 2026 11:51:51 INFO  epoch 4 training [time: 0.11s, train loss: 12.0789]
Mon 13 Jul 2026 11:51:51 INFO  epoch 5 training [time: 0.11s, train loss: 9.7964]
Mon 13 Jul 2026 11:51:51 INFO  epoch 6 training [time: 0.11s, train loss: 7.8934]
Mon 13 Jul 2026 11:51:51 INFO  epoch 7 training [time: 0.11s, train loss: 6.4236]
Mon 13 Jul 2026 11:51:51 INFO  epoch 8 training [time: 0.11s, train loss: 5.3228]
Mon 13 Jul 2026 11:51:51 INFO  epoch 9 training [time: 0.11s, train loss: 4.4876]
Mon 13 Jul 2026 11:51:51 INFO  epoch 10 training [time: 0.11s, train loss: 3.8253]
Mon 13 Jul 2026 11:51:51 INFO  epoch 11 training [time: 0.11s, train loss: 3.3252]
Mon 13 Jul 2026 11:51:52 INFO  epoch 12 training [time: 0.11s, train loss: 2.9183]
Mon 13 Jul 2026 11:51:52 INFO  epoch 13 training [time: 0.11s, train loss: 2.5655]
Mon 13 Jul 2026 11:51:52 INFO  epoch 14 training [time: 0.11s, train loss: 2.2613]
Mon 13 Jul 2026 11:51:53 INFO  epoch 14 evaluating [time: 0.99s, valid_score: 0.546000]
Mon 13 Jul 2026 11:51:53 INFO  valid result: 
ndcg@10 : 0.546
Mon 13 Jul 2026 11:51:53 INFO  Saving current: saved/BPR-Jul-13-2026_11-51-49.pth
Mon 13 Jul 2026 11:51:53 INFO  best valid : OrderedDict([('ndcg@10', 0.546)])
Mon 13 Jul 2026 11:51:53 INFO  
General Hyper Parameters:
gpu_id = 0
use_gpu = True
seed = 2020
state = INFO
reproducibility = True
data_path = recbole_tmp/dataset
checkpoint_dir = saved
show_progress = True
save_dataset = False
dataset_save_path = None
save_dataloaders = False
dataloaders_save_path = None
log_wandb = False

Training Hyper Parameters:
epochs = 15
train_batch_size = 2048
learner = adam
learning_rate = 0.001
train_neg_sample_args = {'distribution': 'uniform', 'sample_num': 1, 'alpha': 1.0, 'dynamic': False, 'candidate_num': 0}
eval_step = 21
stopping_step = 500
clip_grad_norm = None
weight_decay = 0.0
loss_decimal_place = 4

Evaluation Hyper Parameters:
eval_args = {'split': {'RS': [0.75, 0.2, 0.05]}, 'order': 'RO', 'group_by': 'user', 'mode': {'valid': 'full', 'test': 'full'}}
repeatable = False
metrics = ['NDCG']
topk = [10]
valid_metric = NDCG@10
valid_metric_bigger = True
eval_batch_size = 2048
metric_decimal_place = 3

Dataset Hyper Parameters:
field_separator = 	
seq_separator =  
USER_ID_FIELD = user_id
ITEM_ID_FIELD = item_id
RATING_FIELD = rating
TIME_FIELD = timestamp
seq_len = None
LABEL_FIELD = label
threshold = None
NEG_PREFIX = neg_
load_col = {'inter': ['user_id', 'item_id']}
unload_col = None
unused_col = None
additional_feat_suffix = None
rm_dup_inter = None
val_interval = None
filter_inter_by_user_or_item = True
user_inter_num_interval = [0,inf)
item_inter_num_interval = [0,inf)
alias_of_user_id = None
alias_of_item_id = None
alias_of_entity_id = None
alias_of_relation_id = None
preload_weight = None
normalize_field = None
normalize_all = None
ITEM_LIST_LENGTH_FIELD = item_length
LIST_SUFFIX = _list
MAX_ITEM_LIST_LENGTH = 500
POSITION_FIELD = position_id
HEAD_ENTITY_ID_FIELD = head_id
TAIL_ENTITY_ID_FIELD = tail_id
RELATION_ID_FIELD = relation_id
ENTITY_ID_FIELD = entity_id
benchmark_filename = None

Other Hyper Parameters: 
worker = 0
wandb_project = recbole
shuffle = True
require_pow = False
enable_amp = False
enable_scaler = False
transform = None
embedding_size = 256
numerical_features = []
discretization = None
kg_reverse_r = False
entity_kg_num_interval = [0,inf)
relation_kg_num_interval = [0,inf)
MODEL_TYPE = ModelType.GENERAL
MODEL_INPUT_TYPE = InputType.PAIRWISE
eval_type = EvaluatorType.RANKING
single_spec = True
local_rank = 0
device = cuda
valid_neg_sample_args = {'distribution': 'uniform', 'sample_num': 'none'}
test_neg_sample_args = {'distribution': 'uniform', 'sample_num': 'none'}


Mon 13 Jul 2026 11:51:53 INFO  dataset
The number of users: 883
Average actions of users: 87.97392290249434
The number of items: 4997
Average actions of items: 15.531024819855885
The number of inters: 77593
The sparsity of the dataset: 98.24145903170441%
Remain Fields: ['user_id', 'item_id']
Mon 13 Jul 2026 11:51:53 INFO  [Training]: train_batch_size = [2048] train_neg_sample_args: [{'distribution': 'uniform', 'sample_num': 1, 'alpha': 1.0, 'dynamic': False, 'candidate_num': 0}]
Mon 13 Jul 2026 11:51:53 INFO  [Evaluation]: eval_batch_size = [2048] eval_args: [{'split': {'RS': [0.75, 0.2, 0.05]}, 'order': 'RO', 'group_by': 'user', 'mode': {'valid': 'full', 'test': 'full'}}]
