Tue 21 Jul 2026 15:22:13 INFO  ['main.py', 'babyLFM5k', '2', '--clean', '--model', 'BPR', '--choice-model', 'rank_based', '--config', 'recbole_config_default.yaml']
Tue 21 Jul 2026 15:22:13 INFO  
General Hyper Parameters:
gpu_id = 0
use_gpu = True
seed = 2020
state = INFO
reproducibility = True
data_path = recbole_tmp/dataset
checkpoint_dir = saved
show_progress = True
save_dataset = False
dataset_save_path = None
save_dataloaders = False
dataloaders_save_path = None
log_wandb = False

Training Hyper Parameters:
epochs = 25
train_batch_size = 2048
learner = adam
learning_rate = 0.001
train_neg_sample_args = {'distribution': 'uniform', 'sample_num': 1, 'alpha': 1.0, 'dynamic': False, 'candidate_num': 0}
eval_step = 100
stopping_step = 500
clip_grad_norm = None
weight_decay = 0.0
loss_decimal_place = 4

Evaluation Hyper Parameters:
eval_args = {'split': {'RS': [0.75, 0.2, 0.05]}, 'order': 'RO', 'group_by': 'user', 'mode': {'valid': 'full', 'test': 'full'}}
repeatable = False
metrics = ['NDCG']
topk = [10]
valid_metric = NDCG@10
valid_metric_bigger = True
eval_batch_size = 2048
metric_decimal_place = 3

Dataset Hyper Parameters:
field_separator = 	
seq_separator =  
USER_ID_FIELD = user_id
ITEM_ID_FIELD = item_id
RATING_FIELD = rating
TIME_FIELD = timestamp
seq_len = None
LABEL_FIELD = label
threshold = None
NEG_PREFIX = neg_
load_col = {'inter': ['user_id', 'item_id']}
unload_col = None
unused_col = None
additional_feat_suffix = None
rm_dup_inter = None
val_interval = None
filter_inter_by_user_or_item = True
user_inter_num_interval = [0,inf)
item_inter_num_interval = [0,inf)
alias_of_user_id = None
alias_of_item_id = None
alias_of_entity_id = None
alias_of_relation_id = None
preload_weight = None
normalize_field = None
normalize_all = None
ITEM_LIST_LENGTH_FIELD = item_length
LIST_SUFFIX = _list
MAX_ITEM_LIST_LENGTH = 500
POSITION_FIELD = position_id
HEAD_ENTITY_ID_FIELD = head_id
TAIL_ENTITY_ID_FIELD = tail_id
RELATION_ID_FIELD = relation_id
ENTITY_ID_FIELD = entity_id
benchmark_filename = None

Other Hyper Parameters: 
worker = 0
wandb_project = recbole
shuffle = True
require_pow = False
enable_amp = False
enable_scaler = False
transform = None
embedding_size = 256
numerical_features = []
discretization = None
kg_reverse_r = False
entity_kg_num_interval = [0,inf)
relation_kg_num_interval = [0,inf)
MODEL_TYPE = ModelType.GENERAL
MODEL_INPUT_TYPE = InputType.PAIRWISE
eval_type = EvaluatorType.RANKING
single_spec = True
local_rank = 0
device = cuda
valid_neg_sample_args = {'distribution': 'uniform', 'sample_num': 'none'}
test_neg_sample_args = {'distribution': 'uniform', 'sample_num': 'none'}


Tue 21 Jul 2026 15:22:14 INFO  dataset
The number of users: 883
Average actions of users: 82.97392290249434
The number of items: 4997
Average actions of items: 14.648318654923939
The number of inters: 73183
The sparsity of the dataset: 98.34140574945194%
Remain Fields: ['user_id', 'item_id']
Tue 21 Jul 2026 15:22:14 INFO  Preparing dataset
Tue 21 Jul 2026 15:22:14 INFO  [Training]: train_batch_size = [2048] train_neg_sample_args: [{'distribution': 'uniform', 'sample_num': 1, 'alpha': 1.0, 'dynamic': False, 'candidate_num': 0}]
Tue 21 Jul 2026 15:22:14 INFO  [Evaluation]: eval_batch_size = [2048] eval_args: [{'split': {'RS': [0.75, 0.2, 0.05]}, 'order': 'RO', 'group_by': 'user', 'mode': {'valid': 'full', 'test': 'full'}}]
Tue 21 Jul 2026 15:22:14 INFO  Done!
Tue 21 Jul 2026 15:22:14 INFO  BPR(
  (user_embedding): Embedding(883, 256)
  (item_embedding): Embedding(4997, 256)
  (loss): BPRLoss()
)
Trainable parameters: 1505280
Tue 21 Jul 2026 15:22:14 INFO  FLOPs: 512.0
Tue 21 Jul 2026 15:22:15 INFO  Loading checkpoint from experiments/babyLFM5k/output/iteration_1_checkpoint.pth
Tue 21 Jul 2026 15:22:15 INFO  Checkpoint loaded successfully
Tue 21 Jul 2026 15:22:15 INFO  epoch 0 training [time: 0.22s, train loss: 19.0811]
Tue 21 Jul 2026 15:22:15 INFO  epoch 1 training [time: 0.13s, train loss: 18.0347]
Tue 21 Jul 2026 15:22:15 INFO  epoch 2 training [time: 0.13s, train loss: 16.4210]
Tue 21 Jul 2026 15:22:15 INFO  epoch 3 training [time: 0.13s, train loss: 14.3345]
Tue 21 Jul 2026 15:22:15 INFO  epoch 4 training [time: 0.14s, train loss: 12.2050]
Tue 21 Jul 2026 15:22:16 INFO  epoch 5 training [time: 0.13s, train loss: 10.1538]
Tue 21 Jul 2026 15:22:16 INFO  epoch 6 training [time: 0.13s, train loss: 8.4819]
Tue 21 Jul 2026 15:22:16 INFO  epoch 7 training [time: 0.13s, train loss: 7.0630]
Tue 21 Jul 2026 15:22:16 INFO  epoch 8 training [time: 0.13s, train loss: 5.9300]
Tue 21 Jul 2026 15:22:16 INFO  epoch 9 training [time: 0.14s, train loss: 5.0688]
Tue 21 Jul 2026 15:22:16 INFO  epoch 10 training [time: 0.13s, train loss: 4.3641]
Tue 21 Jul 2026 15:22:16 INFO  epoch 11 training [time: 0.13s, train loss: 3.7866]
Tue 21 Jul 2026 15:22:17 INFO  epoch 12 training [time: 0.13s, train loss: 3.3034]
Tue 21 Jul 2026 15:22:17 INFO  epoch 13 training [time: 0.13s, train loss: 2.9170]
Tue 21 Jul 2026 15:22:17 INFO  epoch 14 training [time: 0.13s, train loss: 2.6086]
Tue 21 Jul 2026 15:22:17 INFO  epoch 15 training [time: 0.13s, train loss: 2.3197]
Tue 21 Jul 2026 15:22:17 INFO  epoch 16 training [time: 0.13s, train loss: 2.0885]
Tue 21 Jul 2026 15:22:17 INFO  epoch 17 training [time: 0.13s, train loss: 1.8844]
Tue 21 Jul 2026 15:22:17 INFO  epoch 18 training [time: 0.13s, train loss: 1.7198]
Tue 21 Jul 2026 15:22:17 INFO  epoch 19 training [time: 0.13s, train loss: 1.5426]
Tue 21 Jul 2026 15:22:18 INFO  epoch 20 training [time: 0.13s, train loss: 1.4206]
Tue 21 Jul 2026 15:22:18 INFO  epoch 21 training [time: 0.14s, train loss: 1.2983]
Tue 21 Jul 2026 15:22:18 INFO  epoch 22 training [time: 0.17s, train loss: 1.2029]
Tue 21 Jul 2026 15:22:18 INFO  epoch 23 training [time: 0.13s, train loss: 1.0850]
Tue 21 Jul 2026 15:22:18 INFO  epoch 24 training [time: 0.13s, train loss: 1.0130]
Tue 21 Jul 2026 15:22:19 INFO  epoch 24 evaluating [time: 1.24s, valid_score: 0.580000]
Tue 21 Jul 2026 15:22:19 INFO  valid result: 
ndcg@10 : 0.58
Tue 21 Jul 2026 15:22:20 INFO  Saving current: saved/BPR-Jul-21-2026_15-22-14.pth
Tue 21 Jul 2026 15:22:20 INFO  best valid : OrderedDict([('ndcg@10', 0.58)])
Tue 21 Jul 2026 15:22:20 INFO  
General Hyper Parameters:
gpu_id = 0
use_gpu = True
seed = 2020
state = INFO
reproducibility = True
data_path = recbole_tmp/dataset
checkpoint_dir = saved
show_progress = True
save_dataset = False
dataset_save_path = None
save_dataloaders = False
dataloaders_save_path = None
log_wandb = False

Training Hyper Parameters:
epochs = 25
train_batch_size = 2048
learner = adam
learning_rate = 0.001
train_neg_sample_args = {'distribution': 'uniform', 'sample_num': 1, 'alpha': 1.0, 'dynamic': False, 'candidate_num': 0}
eval_step = 100
stopping_step = 500
clip_grad_norm = None
weight_decay = 0.0
loss_decimal_place = 4

Evaluation Hyper Parameters:
eval_args = {'split': {'RS': [0.75, 0.2, 0.05]}, 'order': 'RO', 'group_by': 'user', 'mode': {'valid': 'full', 'test': 'full'}}
repeatable = False
metrics = ['NDCG']
topk = [10]
valid_metric = NDCG@10
valid_metric_bigger = True
eval_batch_size = 2048
metric_decimal_place = 3

Dataset Hyper Parameters:
field_separator = 	
seq_separator =  
USER_ID_FIELD = user_id
ITEM_ID_FIELD = item_id
RATING_FIELD = rating
TIME_FIELD = timestamp
seq_len = None
LABEL_FIELD = label
threshold = None
NEG_PREFIX = neg_
load_col = {'inter': ['user_id', 'item_id']}
unload_col = None
unused_col = None
additional_feat_suffix = None
rm_dup_inter = None
val_interval = None
filter_inter_by_user_or_item = True
user_inter_num_interval = [0,inf)
item_inter_num_interval = [0,inf)
alias_of_user_id = None
alias_of_item_id = None
alias_of_entity_id = None
alias_of_relation_id = None
preload_weight = None
normalize_field = None
normalize_all = None
ITEM_LIST_LENGTH_FIELD = item_length
LIST_SUFFIX = _list
MAX_ITEM_LIST_LENGTH = 500
POSITION_FIELD = position_id
HEAD_ENTITY_ID_FIELD = head_id
TAIL_ENTITY_ID_FIELD = tail_id
RELATION_ID_FIELD = relation_id
ENTITY_ID_FIELD = entity_id
benchmark_filename = None

Other Hyper Parameters: 
worker = 0
wandb_project = recbole
shuffle = True
require_pow = False
enable_amp = False
enable_scaler = False
transform = None
embedding_size = 256
numerical_features = []
discretization = None
kg_reverse_r = False
entity_kg_num_interval = [0,inf)
relation_kg_num_interval = [0,inf)
MODEL_TYPE = ModelType.GENERAL
MODEL_INPUT_TYPE = InputType.PAIRWISE
eval_type = EvaluatorType.RANKING
single_spec = True
local_rank = 0
device = cuda
valid_neg_sample_args = {'distribution': 'uniform', 'sample_num': 'none'}
test_neg_sample_args = {'distribution': 'uniform', 'sample_num': 'none'}


Tue 21 Jul 2026 15:22:20 INFO  dataset
The number of users: 883
Average actions of users: 82.97392290249434
The number of items: 4997
Average actions of items: 14.648318654923939
The number of inters: 73183
The sparsity of the dataset: 98.34140574945194%
Remain Fields: ['user_id', 'item_id']
Tue 21 Jul 2026 15:22:20 INFO  [Training]: train_batch_size = [2048] train_neg_sample_args: [{'distribution': 'uniform', 'sample_num': 1, 'alpha': 1.0, 'dynamic': False, 'candidate_num': 0}]
Tue 21 Jul 2026 15:22:20 INFO  [Evaluation]: eval_batch_size = [2048] eval_args: [{'split': {'RS': [0.75, 0.2, 0.05]}, 'order': 'RO', 'group_by': 'user', 'mode': {'valid': 'full', 'test': 'full'}}]
