Wed 22 Jul 2026 11:07:22 INFO  ['main.py', 'babyLFM5k', '6', '--clean', '--model', 'BPR', '--choice-model', 'consume_all', '--config', 'recbole_config_default.yaml']
Wed 22 Jul 2026 11:07:22 INFO  
General Hyper Parameters:
gpu_id = 0
use_gpu = True
seed = 2020
state = INFO
reproducibility = True
data_path = recbole_tmp/dataset
checkpoint_dir = saved
show_progress = True
save_dataset = False
dataset_save_path = None
save_dataloaders = False
dataloaders_save_path = None
log_wandb = False

Training Hyper Parameters:
epochs = 20
train_batch_size = 2048
learner = adam
learning_rate = 0.001
train_neg_sample_args = {'distribution': 'uniform', 'sample_num': 1, 'alpha': 1.0, 'dynamic': False, 'candidate_num': 0}
eval_step = 100
stopping_step = 500
clip_grad_norm = None
weight_decay = 0.0
loss_decimal_place = 4

Evaluation Hyper Parameters:
eval_args = {'split': {'RS': [0.75, 0.2, 0.05]}, 'order': 'RO', 'group_by': 'user', 'mode': {'valid': 'full', 'test': 'full'}}
repeatable = False
metrics = ['NDCG']
topk = [10]
valid_metric = NDCG@10
valid_metric_bigger = True
eval_batch_size = 2048
metric_decimal_place = 3

Dataset Hyper Parameters:
field_separator = 	
seq_separator =  
USER_ID_FIELD = user_id
ITEM_ID_FIELD = item_id
RATING_FIELD = rating
TIME_FIELD = timestamp
seq_len = None
LABEL_FIELD = label
threshold = None
NEG_PREFIX = neg_
load_col = {'inter': ['user_id', 'item_id']}
unload_col = None
unused_col = None
additional_feat_suffix = None
rm_dup_inter = None
val_interval = None
filter_inter_by_user_or_item = True
user_inter_num_interval = [0,inf)
item_inter_num_interval = [0,inf)
alias_of_user_id = None
alias_of_item_id = None
alias_of_entity_id = None
alias_of_relation_id = None
preload_weight = None
normalize_field = None
normalize_all = None
ITEM_LIST_LENGTH_FIELD = item_length
LIST_SUFFIX = _list
MAX_ITEM_LIST_LENGTH = 500
POSITION_FIELD = position_id
HEAD_ENTITY_ID_FIELD = head_id
TAIL_ENTITY_ID_FIELD = tail_id
RELATION_ID_FIELD = relation_id
ENTITY_ID_FIELD = entity_id
benchmark_filename = None

Other Hyper Parameters: 
worker = 0
wandb_project = recbole
shuffle = True
require_pow = False
enable_amp = False
enable_scaler = False
transform = None
embedding_size = 256
numerical_features = []
discretization = None
kg_reverse_r = False
entity_kg_num_interval = [0,inf)
relation_kg_num_interval = [0,inf)
MODEL_TYPE = ModelType.GENERAL
MODEL_INPUT_TYPE = InputType.PAIRWISE
eval_type = EvaluatorType.RANKING
single_spec = True
local_rank = 0
device = cuda
valid_neg_sample_args = {'distribution': 'uniform', 'sample_num': 'none'}
test_neg_sample_args = {'distribution': 'uniform', 'sample_num': 'none'}


Wed 22 Jul 2026 11:07:22 INFO  dataset
The number of users: 883
Average actions of users: 127.96938775510205
The number of items: 4997
Average actions of items: 22.59187349879904
The number of inters: 112869
The sparsity of the dataset: 97.44197594434351%
Remain Fields: ['user_id', 'item_id']
Wed 22 Jul 2026 11:07:22 INFO  Preparing dataset
Wed 22 Jul 2026 11:07:22 INFO  [Training]: train_batch_size = [2048] train_neg_sample_args: [{'distribution': 'uniform', 'sample_num': 1, 'alpha': 1.0, 'dynamic': False, 'candidate_num': 0}]
Wed 22 Jul 2026 11:07:22 INFO  [Evaluation]: eval_batch_size = [2048] eval_args: [{'split': {'RS': [0.75, 0.2, 0.05]}, 'order': 'RO', 'group_by': 'user', 'mode': {'valid': 'full', 'test': 'full'}}]
Wed 22 Jul 2026 11:07:22 INFO  Done!
Wed 22 Jul 2026 11:07:22 INFO  BPR(
  (user_embedding): Embedding(883, 256)
  (item_embedding): Embedding(4997, 256)
  (loss): BPRLoss()
)
Trainable parameters: 1505280
Wed 22 Jul 2026 11:07:23 INFO  FLOPs: 512.0
Wed 22 Jul 2026 11:07:23 INFO  Loading checkpoint from experiments/babyLFM5k/output/iteration_5_checkpoint.pth
Wed 22 Jul 2026 11:07:23 INFO  Checkpoint loaded successfully
Wed 22 Jul 2026 11:07:23 INFO  epoch 0 training [time: 0.27s, train loss: 28.7067]
Wed 22 Jul 2026 11:07:24 INFO  epoch 1 training [time: 0.18s, train loss: 26.8778]
Wed 22 Jul 2026 11:07:24 INFO  epoch 2 training [time: 0.18s, train loss: 22.2454]
Wed 22 Jul 2026 11:07:24 INFO  epoch 3 training [time: 0.19s, train loss: 14.9862]
Wed 22 Jul 2026 11:07:24 INFO  epoch 4 training [time: 0.18s, train loss: 9.8252]
Wed 22 Jul 2026 11:07:24 INFO  epoch 5 training [time: 0.18s, train loss: 7.3185]
Wed 22 Jul 2026 11:07:25 INFO  epoch 6 training [time: 0.19s, train loss: 5.9411]
Wed 22 Jul 2026 11:07:25 INFO  epoch 7 training [time: 0.18s, train loss: 4.9882]
Wed 22 Jul 2026 11:07:25 INFO  epoch 8 training [time: 0.19s, train loss: 4.2694]
Wed 22 Jul 2026 11:07:25 INFO  epoch 9 training [time: 0.18s, train loss: 3.7627]
Wed 22 Jul 2026 11:07:25 INFO  epoch 10 training [time: 0.18s, train loss: 3.3512]
Wed 22 Jul 2026 11:07:26 INFO  epoch 11 training [time: 0.18s, train loss: 2.9942]
Wed 22 Jul 2026 11:07:26 INFO  epoch 12 training [time: 0.18s, train loss: 2.6773]
Wed 22 Jul 2026 11:07:26 INFO  epoch 13 training [time: 0.18s, train loss: 2.3982]
Wed 22 Jul 2026 11:07:26 INFO  epoch 14 training [time: 0.18s, train loss: 2.1595]
Wed 22 Jul 2026 11:07:26 INFO  epoch 15 training [time: 0.18s, train loss: 1.9476]
Wed 22 Jul 2026 11:07:26 INFO  epoch 16 training [time: 0.18s, train loss: 1.7910]
Wed 22 Jul 2026 11:07:27 INFO  epoch 17 training [time: 0.20s, train loss: 1.6573]
Wed 22 Jul 2026 11:07:27 INFO  epoch 18 training [time: 0.19s, train loss: 1.5001]
Wed 22 Jul 2026 11:07:27 INFO  epoch 19 training [time: 0.18s, train loss: 1.3995]
Wed 22 Jul 2026 11:07:28 INFO  epoch 19 evaluating [time: 1.15s, valid_score: 0.812000]
Wed 22 Jul 2026 11:07:28 INFO  valid result: 
ndcg@10 : 0.812
Wed 22 Jul 2026 11:07:28 INFO  Saving current: saved/BPR-Jul-22-2026_11-07-23.pth
Wed 22 Jul 2026 11:07:28 INFO  best valid : OrderedDict([('ndcg@10', 0.812)])
Wed 22 Jul 2026 11:07:28 INFO  
General Hyper Parameters:
gpu_id = 0
use_gpu = True
seed = 2020
state = INFO
reproducibility = True
data_path = recbole_tmp/dataset
checkpoint_dir = saved
show_progress = True
save_dataset = False
dataset_save_path = None
save_dataloaders = False
dataloaders_save_path = None
log_wandb = False

Training Hyper Parameters:
epochs = 20
train_batch_size = 2048
learner = adam
learning_rate = 0.001
train_neg_sample_args = {'distribution': 'uniform', 'sample_num': 1, 'alpha': 1.0, 'dynamic': False, 'candidate_num': 0}
eval_step = 100
stopping_step = 500
clip_grad_norm = None
weight_decay = 0.0
loss_decimal_place = 4

Evaluation Hyper Parameters:
eval_args = {'split': {'RS': [0.75, 0.2, 0.05]}, 'order': 'RO', 'group_by': 'user', 'mode': {'valid': 'full', 'test': 'full'}}
repeatable = False
metrics = ['NDCG']
topk = [10]
valid_metric = NDCG@10
valid_metric_bigger = True
eval_batch_size = 2048
metric_decimal_place = 3

Dataset Hyper Parameters:
field_separator = 	
seq_separator =  
USER_ID_FIELD = user_id
ITEM_ID_FIELD = item_id
RATING_FIELD = rating
TIME_FIELD = timestamp
seq_len = None
LABEL_FIELD = label
threshold = None
NEG_PREFIX = neg_
load_col = {'inter': ['user_id', 'item_id']}
unload_col = None
unused_col = None
additional_feat_suffix = None
rm_dup_inter = None
val_interval = None
filter_inter_by_user_or_item = True
user_inter_num_interval = [0,inf)
item_inter_num_interval = [0,inf)
alias_of_user_id = None
alias_of_item_id = None
alias_of_entity_id = None
alias_of_relation_id = None
preload_weight = None
normalize_field = None
normalize_all = None
ITEM_LIST_LENGTH_FIELD = item_length
LIST_SUFFIX = _list
MAX_ITEM_LIST_LENGTH = 500
POSITION_FIELD = position_id
HEAD_ENTITY_ID_FIELD = head_id
TAIL_ENTITY_ID_FIELD = tail_id
RELATION_ID_FIELD = relation_id
ENTITY_ID_FIELD = entity_id
benchmark_filename = None

Other Hyper Parameters: 
worker = 0
wandb_project = recbole
shuffle = True
require_pow = False
enable_amp = False
enable_scaler = False
transform = None
embedding_size = 256
numerical_features = []
discretization = None
kg_reverse_r = False
entity_kg_num_interval = [0,inf)
relation_kg_num_interval = [0,inf)
MODEL_TYPE = ModelType.GENERAL
MODEL_INPUT_TYPE = InputType.PAIRWISE
eval_type = EvaluatorType.RANKING
single_spec = True
local_rank = 0
device = cuda
valid_neg_sample_args = {'distribution': 'uniform', 'sample_num': 'none'}
test_neg_sample_args = {'distribution': 'uniform', 'sample_num': 'none'}


Wed 22 Jul 2026 11:07:29 INFO  dataset
The number of users: 883
Average actions of users: 127.96938775510205
The number of items: 4997
Average actions of items: 22.59187349879904
The number of inters: 112869
The sparsity of the dataset: 97.44197594434351%
Remain Fields: ['user_id', 'item_id']
Wed 22 Jul 2026 11:07:29 INFO  [Training]: train_batch_size = [2048] train_neg_sample_args: [{'distribution': 'uniform', 'sample_num': 1, 'alpha': 1.0, 'dynamic': False, 'candidate_num': 0}]
Wed 22 Jul 2026 11:07:29 INFO  [Evaluation]: eval_batch_size = [2048] eval_args: [{'split': {'RS': [0.75, 0.2, 0.05]}, 'order': 'RO', 'group_by': 'user', 'mode': {'valid': 'full', 'test': 'full'}}]
