Wed 22 Jul 2026 11:09:04 INFO  ['main.py', 'babyLFM5k', '12', '--clean', '--model', 'BPR', '--choice-model', 'consume_all', '--config', 'recbole_config_default.yaml']
Wed 22 Jul 2026 11:09:04 INFO  
General Hyper Parameters:
gpu_id = 0
use_gpu = True
seed = 2020
state = INFO
reproducibility = True
data_path = recbole_tmp/dataset
checkpoint_dir = saved
show_progress = True
save_dataset = False
dataset_save_path = None
save_dataloaders = False
dataloaders_save_path = None
log_wandb = False

Training Hyper Parameters:
epochs = 20
train_batch_size = 2048
learner = adam
learning_rate = 0.001
train_neg_sample_args = {'distribution': 'uniform', 'sample_num': 1, 'alpha': 1.0, 'dynamic': False, 'candidate_num': 0}
eval_step = 100
stopping_step = 500
clip_grad_norm = None
weight_decay = 0.0
loss_decimal_place = 4

Evaluation Hyper Parameters:
eval_args = {'split': {'RS': [0.75, 0.2, 0.05]}, 'order': 'RO', 'group_by': 'user', 'mode': {'valid': 'full', 'test': 'full'}}
repeatable = False
metrics = ['NDCG']
topk = [10]
valid_metric = NDCG@10
valid_metric_bigger = True
eval_batch_size = 2048
metric_decimal_place = 3

Dataset Hyper Parameters:
field_separator = 	
seq_separator =  
USER_ID_FIELD = user_id
ITEM_ID_FIELD = item_id
RATING_FIELD = rating
TIME_FIELD = timestamp
seq_len = None
LABEL_FIELD = label
threshold = None
NEG_PREFIX = neg_
load_col = {'inter': ['user_id', 'item_id']}
unload_col = None
unused_col = None
additional_feat_suffix = None
rm_dup_inter = None
val_interval = None
filter_inter_by_user_or_item = True
user_inter_num_interval = [0,inf)
item_inter_num_interval = [0,inf)
alias_of_user_id = None
alias_of_item_id = None
alias_of_entity_id = None
alias_of_relation_id = None
preload_weight = None
normalize_field = None
normalize_all = None
ITEM_LIST_LENGTH_FIELD = item_length
LIST_SUFFIX = _list
MAX_ITEM_LIST_LENGTH = 500
POSITION_FIELD = position_id
HEAD_ENTITY_ID_FIELD = head_id
TAIL_ENTITY_ID_FIELD = tail_id
RELATION_ID_FIELD = relation_id
ENTITY_ID_FIELD = entity_id
benchmark_filename = None

Other Hyper Parameters: 
worker = 0
wandb_project = recbole
shuffle = True
require_pow = False
enable_amp = False
enable_scaler = False
transform = None
embedding_size = 256
numerical_features = []
discretization = None
kg_reverse_r = False
entity_kg_num_interval = [0,inf)
relation_kg_num_interval = [0,inf)
MODEL_TYPE = ModelType.GENERAL
MODEL_INPUT_TYPE = InputType.PAIRWISE
eval_type = EvaluatorType.RANKING
single_spec = True
local_rank = 0
device = cuda
valid_neg_sample_args = {'distribution': 'uniform', 'sample_num': 'none'}
test_neg_sample_args = {'distribution': 'uniform', 'sample_num': 'none'}


Wed 22 Jul 2026 11:09:04 INFO  dataset
The number of users: 883
Average actions of users: 187.9625850340136
The number of items: 4997
Average actions of items: 33.18314651721377
The number of inters: 165783
The sparsity of the dataset: 96.24275131330214%
Remain Fields: ['user_id', 'item_id']
Wed 22 Jul 2026 11:09:04 INFO  Preparing dataset
Wed 22 Jul 2026 11:09:05 INFO  [Training]: train_batch_size = [2048] train_neg_sample_args: [{'distribution': 'uniform', 'sample_num': 1, 'alpha': 1.0, 'dynamic': False, 'candidate_num': 0}]
Wed 22 Jul 2026 11:09:05 INFO  [Evaluation]: eval_batch_size = [2048] eval_args: [{'split': {'RS': [0.75, 0.2, 0.05]}, 'order': 'RO', 'group_by': 'user', 'mode': {'valid': 'full', 'test': 'full'}}]
Wed 22 Jul 2026 11:09:05 INFO  Done!
Wed 22 Jul 2026 11:09:05 INFO  BPR(
  (user_embedding): Embedding(883, 256)
  (item_embedding): Embedding(4997, 256)
  (loss): BPRLoss()
)
Trainable parameters: 1505280
Wed 22 Jul 2026 11:09:05 INFO  FLOPs: 512.0
Wed 22 Jul 2026 11:09:05 INFO  Loading checkpoint from experiments/babyLFM5k/output/iteration_11_checkpoint.pth
Wed 22 Jul 2026 11:09:05 INFO  Checkpoint loaded successfully
Wed 22 Jul 2026 11:09:06 INFO  epoch 0 training [time: 0.37s, train loss: 42.3898]
Wed 22 Jul 2026 11:09:06 INFO  epoch 1 training [time: 0.28s, train loss: 36.1151]
Wed 22 Jul 2026 11:09:06 INFO  epoch 2 training [time: 0.27s, train loss: 18.8473]
Wed 22 Jul 2026 11:09:07 INFO  epoch 3 training [time: 0.27s, train loss: 10.6995]
Wed 22 Jul 2026 11:09:07 INFO  epoch 4 training [time: 0.26s, train loss: 8.2136]
Wed 22 Jul 2026 11:09:07 INFO  epoch 5 training [time: 0.26s, train loss: 6.7587]
Wed 22 Jul 2026 11:09:07 INFO  epoch 6 training [time: 0.26s, train loss: 5.7437]
Wed 22 Jul 2026 11:09:08 INFO  epoch 7 training [time: 0.26s, train loss: 4.9789]
Wed 22 Jul 2026 11:09:08 INFO  epoch 8 training [time: 0.28s, train loss: 4.4372]
Wed 22 Jul 2026 11:09:08 INFO  epoch 9 training [time: 0.27s, train loss: 3.7786]
Wed 22 Jul 2026 11:09:08 INFO  epoch 10 training [time: 0.27s, train loss: 3.4251]
Wed 22 Jul 2026 11:09:09 INFO  epoch 11 training [time: 0.27s, train loss: 3.1155]
Wed 22 Jul 2026 11:09:09 INFO  epoch 12 training [time: 0.28s, train loss: 2.7688]
Wed 22 Jul 2026 11:09:09 INFO  epoch 13 training [time: 0.28s, train loss: 2.5957]
Wed 22 Jul 2026 11:09:10 INFO  epoch 14 training [time: 0.28s, train loss: 2.3272]
Wed 22 Jul 2026 11:09:10 INFO  epoch 15 training [time: 0.29s, train loss: 2.1286]
Wed 22 Jul 2026 11:09:10 INFO  epoch 16 training [time: 0.28s, train loss: 2.0017]
Wed 22 Jul 2026 11:09:10 INFO  epoch 17 training [time: 0.28s, train loss: 1.8598]
Wed 22 Jul 2026 11:09:11 INFO  epoch 18 training [time: 0.27s, train loss: 1.7273]
Wed 22 Jul 2026 11:09:11 INFO  epoch 19 training [time: 0.26s, train loss: 1.5773]
Wed 22 Jul 2026 11:09:12 INFO  epoch 19 evaluating [time: 1.13s, valid_score: 0.846000]
Wed 22 Jul 2026 11:09:12 INFO  valid result: 
ndcg@10 : 0.846
Wed 22 Jul 2026 11:09:12 INFO  Saving current: saved/BPR-Jul-22-2026_11-09-05.pth
Wed 22 Jul 2026 11:09:12 INFO  best valid : OrderedDict([('ndcg@10', 0.846)])
Wed 22 Jul 2026 11:09:12 INFO  
General Hyper Parameters:
gpu_id = 0
use_gpu = True
seed = 2020
state = INFO
reproducibility = True
data_path = recbole_tmp/dataset
checkpoint_dir = saved
show_progress = True
save_dataset = False
dataset_save_path = None
save_dataloaders = False
dataloaders_save_path = None
log_wandb = False

Training Hyper Parameters:
epochs = 20
train_batch_size = 2048
learner = adam
learning_rate = 0.001
train_neg_sample_args = {'distribution': 'uniform', 'sample_num': 1, 'alpha': 1.0, 'dynamic': False, 'candidate_num': 0}
eval_step = 100
stopping_step = 500
clip_grad_norm = None
weight_decay = 0.0
loss_decimal_place = 4

Evaluation Hyper Parameters:
eval_args = {'split': {'RS': [0.75, 0.2, 0.05]}, 'order': 'RO', 'group_by': 'user', 'mode': {'valid': 'full', 'test': 'full'}}
repeatable = False
metrics = ['NDCG']
topk = [10]
valid_metric = NDCG@10
valid_metric_bigger = True
eval_batch_size = 2048
metric_decimal_place = 3

Dataset Hyper Parameters:
field_separator = 	
seq_separator =  
USER_ID_FIELD = user_id
ITEM_ID_FIELD = item_id
RATING_FIELD = rating
TIME_FIELD = timestamp
seq_len = None
LABEL_FIELD = label
threshold = None
NEG_PREFIX = neg_
load_col = {'inter': ['user_id', 'item_id']}
unload_col = None
unused_col = None
additional_feat_suffix = None
rm_dup_inter = None
val_interval = None
filter_inter_by_user_or_item = True
user_inter_num_interval = [0,inf)
item_inter_num_interval = [0,inf)
alias_of_user_id = None
alias_of_item_id = None
alias_of_entity_id = None
alias_of_relation_id = None
preload_weight = None
normalize_field = None
normalize_all = None
ITEM_LIST_LENGTH_FIELD = item_length
LIST_SUFFIX = _list
MAX_ITEM_LIST_LENGTH = 500
POSITION_FIELD = position_id
HEAD_ENTITY_ID_FIELD = head_id
TAIL_ENTITY_ID_FIELD = tail_id
RELATION_ID_FIELD = relation_id
ENTITY_ID_FIELD = entity_id
benchmark_filename = None

Other Hyper Parameters: 
worker = 0
wandb_project = recbole
shuffle = True
require_pow = False
enable_amp = False
enable_scaler = False
transform = None
embedding_size = 256
numerical_features = []
discretization = None
kg_reverse_r = False
entity_kg_num_interval = [0,inf)
relation_kg_num_interval = [0,inf)
MODEL_TYPE = ModelType.GENERAL
MODEL_INPUT_TYPE = InputType.PAIRWISE
eval_type = EvaluatorType.RANKING
single_spec = True
local_rank = 0
device = cuda
valid_neg_sample_args = {'distribution': 'uniform', 'sample_num': 'none'}
test_neg_sample_args = {'distribution': 'uniform', 'sample_num': 'none'}


Wed 22 Jul 2026 11:09:13 INFO  dataset
The number of users: 883
Average actions of users: 187.9625850340136
The number of items: 4997
Average actions of items: 33.18314651721377
The number of inters: 165783
The sparsity of the dataset: 96.24275131330214%
Remain Fields: ['user_id', 'item_id']
Wed 22 Jul 2026 11:09:13 INFO  [Training]: train_batch_size = [2048] train_neg_sample_args: [{'distribution': 'uniform', 'sample_num': 1, 'alpha': 1.0, 'dynamic': False, 'candidate_num': 0}]
Wed 22 Jul 2026 11:09:13 INFO  [Evaluation]: eval_batch_size = [2048] eval_args: [{'split': {'RS': [0.75, 0.2, 0.05]}, 'order': 'RO', 'group_by': 'user', 'mode': {'valid': 'full', 'test': 'full'}}]
