Tue 28 Jul 2026 16:07:40 INFO  ['main.py', 'babyLFM5k', '8', '--clean', '--model', 'BPR', '--choice-model', 'consume_all', '--config', 'recbole_config_default.yaml', '--PP', '--PP-dimension', 'country', '--PP-l', '0.75', '--PP-target-distribution', 'interactions', '--PP-seed', '42']
Tue 28 Jul 2026 16:07:40 INFO  
General Hyper Parameters:
gpu_id = 0
use_gpu = True
seed = 2020
state = INFO
reproducibility = True
data_path = recbole_tmp/dataset
checkpoint_dir = saved
show_progress = True
save_dataset = False
dataset_save_path = None
save_dataloaders = False
dataloaders_save_path = None
log_wandb = False

Training Hyper Parameters:
epochs = 20
train_batch_size = 2048
learner = adam
learning_rate = 0.001
train_neg_sample_args = {'distribution': 'uniform', 'sample_num': 1, 'alpha': 1.0, 'dynamic': False, 'candidate_num': 0}
eval_step = 100
stopping_step = 500
clip_grad_norm = None
weight_decay = 0.0
loss_decimal_place = 4

Evaluation Hyper Parameters:
eval_args = {'split': {'RS': [0.75, 0.2, 0.05]}, 'order': 'RO', 'group_by': 'user', 'mode': {'valid': 'full', 'test': 'full'}}
repeatable = False
metrics = ['NDCG']
topk = [10]
valid_metric = NDCG@10
valid_metric_bigger = True
eval_batch_size = 2048
metric_decimal_place = 3

Dataset Hyper Parameters:
field_separator = 	
seq_separator =  
USER_ID_FIELD = user_id
ITEM_ID_FIELD = item_id
RATING_FIELD = rating
TIME_FIELD = timestamp
seq_len = None
LABEL_FIELD = label
threshold = None
NEG_PREFIX = neg_
load_col = {'inter': ['user_id', 'item_id']}
unload_col = None
unused_col = None
additional_feat_suffix = None
rm_dup_inter = None
val_interval = None
filter_inter_by_user_or_item = True
user_inter_num_interval = [0,inf)
item_inter_num_interval = [0,inf)
alias_of_user_id = None
alias_of_item_id = None
alias_of_entity_id = None
alias_of_relation_id = None
preload_weight = None
normalize_field = None
normalize_all = None
ITEM_LIST_LENGTH_FIELD = item_length
LIST_SUFFIX = _list
MAX_ITEM_LIST_LENGTH = 500
POSITION_FIELD = position_id
HEAD_ENTITY_ID_FIELD = head_id
TAIL_ENTITY_ID_FIELD = tail_id
RELATION_ID_FIELD = relation_id
ENTITY_ID_FIELD = entity_id
benchmark_filename = None

Other Hyper Parameters: 
worker = 0
wandb_project = recbole
shuffle = True
require_pow = False
enable_amp = False
enable_scaler = False
transform = None
embedding_size = 256
numerical_features = []
discretization = None
kg_reverse_r = False
entity_kg_num_interval = [0,inf)
relation_kg_num_interval = [0,inf)
MODEL_TYPE = ModelType.GENERAL
MODEL_INPUT_TYPE = InputType.PAIRWISE
eval_type = EvaluatorType.RANKING
single_spec = True
local_rank = 0
device = cuda
valid_neg_sample_args = {'distribution': 'uniform', 'sample_num': 'none'}
test_neg_sample_args = {'distribution': 'uniform', 'sample_num': 'none'}


Tue 28 Jul 2026 16:07:41 INFO  dataset
The number of users: 883
Average actions of users: 147.9671201814059
The number of items: 4997
Average actions of items: 26.122297838270615
The number of inters: 130507
The sparsity of the dataset: 97.04223440066305%
Remain Fields: ['user_id', 'item_id']
Tue 28 Jul 2026 16:07:41 INFO  Preparing dataset
Tue 28 Jul 2026 16:07:41 INFO  [Training]: train_batch_size = [2048] train_neg_sample_args: [{'distribution': 'uniform', 'sample_num': 1, 'alpha': 1.0, 'dynamic': False, 'candidate_num': 0}]
Tue 28 Jul 2026 16:07:41 INFO  [Evaluation]: eval_batch_size = [2048] eval_args: [{'split': {'RS': [0.75, 0.2, 0.05]}, 'order': 'RO', 'group_by': 'user', 'mode': {'valid': 'full', 'test': 'full'}}]
Tue 28 Jul 2026 16:07:41 INFO  Done!
Tue 28 Jul 2026 16:07:41 INFO  BPR(
  (user_embedding): Embedding(883, 256)
  (item_embedding): Embedding(4997, 256)
  (loss): BPRLoss()
)
Trainable parameters: 1505280
Tue 28 Jul 2026 16:07:41 INFO  FLOPs: 512.0
Tue 28 Jul 2026 16:07:42 INFO  Loading checkpoint from experiments/babyLFM5k/output/iteration_7_checkpoint.pth
Tue 28 Jul 2026 16:07:42 INFO  Checkpoint loaded successfully
Tue 28 Jul 2026 16:07:43 INFO  epoch 0 training [time: 0.25s, train loss: 33.5066]
Tue 28 Jul 2026 16:07:43 INFO  epoch 1 training [time: 0.18s, train loss: 30.8773]
Tue 28 Jul 2026 16:07:43 INFO  epoch 2 training [time: 0.18s, train loss: 22.5046]
Tue 28 Jul 2026 16:07:43 INFO  epoch 3 training [time: 0.18s, train loss: 12.9931]
Tue 28 Jul 2026 16:07:43 INFO  epoch 4 training [time: 0.18s, train loss: 8.9883]
Tue 28 Jul 2026 16:07:43 INFO  epoch 5 training [time: 0.18s, train loss: 7.1936]
Tue 28 Jul 2026 16:07:44 INFO  epoch 6 training [time: 0.18s, train loss: 6.0782]
Tue 28 Jul 2026 16:07:44 INFO  epoch 7 training [time: 0.18s, train loss: 5.2530]
Tue 28 Jul 2026 16:07:44 INFO  epoch 8 training [time: 0.18s, train loss: 4.6017]
Tue 28 Jul 2026 16:07:44 INFO  epoch 9 training [time: 0.18s, train loss: 4.1059]
Tue 28 Jul 2026 16:07:44 INFO  epoch 10 training [time: 0.18s, train loss: 3.5818]
Tue 28 Jul 2026 16:07:45 INFO  epoch 11 training [time: 0.18s, train loss: 3.2446]
Tue 28 Jul 2026 16:07:45 INFO  epoch 12 training [time: 0.18s, train loss: 2.8857]
Tue 28 Jul 2026 16:07:45 INFO  epoch 13 training [time: 0.18s, train loss: 2.6022]
Tue 28 Jul 2026 16:07:45 INFO  epoch 14 training [time: 0.18s, train loss: 2.3992]
Tue 28 Jul 2026 16:07:45 INFO  epoch 15 training [time: 0.18s, train loss: 2.1728]
Tue 28 Jul 2026 16:07:45 INFO  epoch 16 training [time: 0.18s, train loss: 1.9996]
Tue 28 Jul 2026 16:07:46 INFO  epoch 17 training [time: 0.18s, train loss: 1.8068]
Tue 28 Jul 2026 16:07:46 INFO  epoch 18 training [time: 0.18s, train loss: 1.7287]
Tue 28 Jul 2026 16:07:46 INFO  epoch 19 training [time: 0.18s, train loss: 1.5842]
Tue 28 Jul 2026 16:07:47 INFO  epoch 19 evaluating [time: 0.99s, valid_score: 0.824000]
Tue 28 Jul 2026 16:07:47 INFO  valid result: 
ndcg@10 : 0.824
Tue 28 Jul 2026 16:07:47 INFO  Saving current: saved/BPR-Jul-28-2026_16-07-41.pth
Tue 28 Jul 2026 16:07:47 INFO  best valid : OrderedDict([('ndcg@10', 0.824)])
Tue 28 Jul 2026 16:07:47 INFO  
General Hyper Parameters:
gpu_id = 0
use_gpu = True
seed = 2020
state = INFO
reproducibility = True
data_path = recbole_tmp/dataset
checkpoint_dir = saved
show_progress = True
save_dataset = False
dataset_save_path = None
save_dataloaders = False
dataloaders_save_path = None
log_wandb = False

Training Hyper Parameters:
epochs = 20
train_batch_size = 2048
learner = adam
learning_rate = 0.001
train_neg_sample_args = {'distribution': 'uniform', 'sample_num': 1, 'alpha': 1.0, 'dynamic': False, 'candidate_num': 0}
eval_step = 100
stopping_step = 500
clip_grad_norm = None
weight_decay = 0.0
loss_decimal_place = 4

Evaluation Hyper Parameters:
eval_args = {'split': {'RS': [0.75, 0.2, 0.05]}, 'order': 'RO', 'group_by': 'user', 'mode': {'valid': 'full', 'test': 'full'}}
repeatable = False
metrics = ['NDCG']
topk = [10]
valid_metric = NDCG@10
valid_metric_bigger = True
eval_batch_size = 2048
metric_decimal_place = 3

Dataset Hyper Parameters:
field_separator = 	
seq_separator =  
USER_ID_FIELD = user_id
ITEM_ID_FIELD = item_id
RATING_FIELD = rating
TIME_FIELD = timestamp
seq_len = None
LABEL_FIELD = label
threshold = None
NEG_PREFIX = neg_
load_col = {'inter': ['user_id', 'item_id']}
unload_col = None
unused_col = None
additional_feat_suffix = None
rm_dup_inter = None
val_interval = None
filter_inter_by_user_or_item = True
user_inter_num_interval = [0,inf)
item_inter_num_interval = [0,inf)
alias_of_user_id = None
alias_of_item_id = None
alias_of_entity_id = None
alias_of_relation_id = None
preload_weight = None
normalize_field = None
normalize_all = None
ITEM_LIST_LENGTH_FIELD = item_length
LIST_SUFFIX = _list
MAX_ITEM_LIST_LENGTH = 500
POSITION_FIELD = position_id
HEAD_ENTITY_ID_FIELD = head_id
TAIL_ENTITY_ID_FIELD = tail_id
RELATION_ID_FIELD = relation_id
ENTITY_ID_FIELD = entity_id
benchmark_filename = None

Other Hyper Parameters: 
worker = 0
wandb_project = recbole
shuffle = True
require_pow = False
enable_amp = False
enable_scaler = False
transform = None
embedding_size = 256
numerical_features = []
discretization = None
kg_reverse_r = False
entity_kg_num_interval = [0,inf)
relation_kg_num_interval = [0,inf)
MODEL_TYPE = ModelType.GENERAL
MODEL_INPUT_TYPE = InputType.PAIRWISE
eval_type = EvaluatorType.RANKING
single_spec = True
local_rank = 0
device = cuda
valid_neg_sample_args = {'distribution': 'uniform', 'sample_num': 'none'}
test_neg_sample_args = {'distribution': 'uniform', 'sample_num': 'none'}


Tue 28 Jul 2026 16:07:48 INFO  dataset
The number of users: 883
Average actions of users: 147.9671201814059
The number of items: 4997
Average actions of items: 26.122297838270615
The number of inters: 130507
The sparsity of the dataset: 97.04223440066305%
Remain Fields: ['user_id', 'item_id']
Tue 28 Jul 2026 16:07:48 INFO  [Training]: train_batch_size = [2048] train_neg_sample_args: [{'distribution': 'uniform', 'sample_num': 1, 'alpha': 1.0, 'dynamic': False, 'candidate_num': 0}]
Tue 28 Jul 2026 16:07:48 INFO  [Evaluation]: eval_batch_size = [2048] eval_args: [{'split': {'RS': [0.75, 0.2, 0.05]}, 'order': 'RO', 'group_by': 'user', 'mode': {'valid': 'full', 'test': 'full'}}]
